// Jest Snapshot v1, https://goo.gl/fbAQLP

exports[`Renders button 1`] = `
<button
  className="classNameTest"
  onClick={[Function]}
  type="button"
/>
`;
