// Jest Snapshot v1, https://goo.gl/fbAQLP

exports[`Reducer handles basic state initial state 1`] = `
Object {
  "availableProducts": Array [
    Object {
      "comments": "",
      "name": "Product1",
      "net_price": 8,
      "tax": 19,
    },
    Object {
      "comments": "",
      "name": "Product2",
      "net_price": 11,
      "tax": 19,
    },
    Object {
      "comments": "",
      "name": "Product3",
      "net_price": 16.25,
      "tax": 7,
    },
    Object {
      "comments": "",
      "name": "Product4",
      "net_price": 12,
      "tax": 7,
    },
  ],
  "cartContent": Array [],
  "editItemId": null,
  "isModalShown": false,
}
`;
